resolve google.com to 1056
resolve gle.com to NXDOMAIN
